
Allocating common symbols
Common symbol       size              file

kbd_buf             0x6c              build/keyboard.o
thread_ready_list   0x10              build/main.o
thread_all_list     0x10              build/main.o
user_pool           0x2c              build/memory.o
k_block_descs       0xa8              build/memory.o
intr_name           0x204             build/interrupt.o
main_thread         0x4               build/main.o
ticks               0x4               build/timer.o
kernel_vaddr        0xc               build/memory.o
syscall_table       0x80              build/syscall_init.o
idt_table           0x204             build/interrupt.o
kernel_pool         0x2c              build/memory.o
pid_lock            0x1c              build/thread.o

Discarded input sections

 .note.GNU-stack
                0x0000000000000000        0x0 build/main.o
 .note.GNU-stack
                0x0000000000000000        0x0 build/init.o
 .note.GNU-stack
                0x0000000000000000        0x0 build/interrupt.o
 .note.GNU-stack
                0x0000000000000000        0x0 build/timer.o
 .note.GNU-stack
                0x0000000000000000        0x0 build/debug.o
 .note.GNU-stack
                0x0000000000000000        0x0 build/string.o
 .note.GNU-stack
                0x0000000000000000        0x0 build/memory.o
 .note.GNU-stack
                0x0000000000000000        0x0 build/bitmap.o
 .note.GNU-stack
                0x0000000000000000        0x0 build/thread.o
 .note.GNU-stack
                0x0000000000000000        0x0 build/list.o
 .note.GNU-stack
                0x0000000000000000        0x0 build/sync.o
 .note.GNU-stack
                0x0000000000000000        0x0 build/console.o
 .note.GNU-stack
                0x0000000000000000        0x0 build/keyboard.o
 .note.GNU-stack
                0x0000000000000000        0x0 build/ioqueue.o
 .note.GNU-stack
                0x0000000000000000        0x0 build/tss.o
 .note.GNU-stack
                0x0000000000000000        0x0 build/process.o
 .note.GNU-stack
                0x0000000000000000        0x0 build/syscall.o
 .note.GNU-stack
                0x0000000000000000        0x0 build/syscall_init.o
 .note.GNU-stack
                0x0000000000000000        0x0 build/stdio.o

Memory Configuration

Name             Origin             Length             Attributes
*default*        0x0000000000000000 0xffffffffffffffff

Linker script and memory map

Address of section .text set to 0xc0001500
LOAD build/main.o
LOAD build/init.o
LOAD build/interrupt.o
LOAD build/timer.o
LOAD build/kernel.o
LOAD build/print.o
LOAD build/debug.o
LOAD build/string.o
LOAD build/memory.o
LOAD build/bitmap.o
LOAD build/thread.o
LOAD build/switch.o
LOAD build/list.o
LOAD build/sync.o
LOAD build/console.o
LOAD build/keyboard.o
LOAD build/ioqueue.o
LOAD build/tss.o
LOAD build/process.o
LOAD build/syscall.o
LOAD build/syscall_init.o
LOAD build/stdio.o
                [!provide]                        PROVIDE (__executable_start, 0x8048000)
                0x0000000008048094                . = (0x8048000 + SIZEOF_HEADERS)

.interp
 *(.interp)

.note.gnu.build-id
 *(.note.gnu.build-id)

.hash
 *(.hash)

.gnu.hash
 *(.gnu.hash)

.dynsym
 *(.dynsym)

.dynstr
 *(.dynstr)

.gnu.version
 *(.gnu.version)

.gnu.version_d
 *(.gnu.version_d)

.gnu.version_r
 *(.gnu.version_r)

.rel.dyn        0x0000000008048094        0x0
 *(.rel.init)
 *(.rel.text .rel.text.* .rel.gnu.linkonce.t.*)
 .rel.text      0x0000000008048094        0x0 build/main.o
 *(.rel.fini)
 *(.rel.rodata .rel.rodata.* .rel.gnu.linkonce.r.*)
 *(.rel.data.rel.ro .rel.data.rel.ro.* .rel.gnu.linkonce.d.rel.ro.*)
 *(.rel.data .rel.data.* .rel.gnu.linkonce.d.*)
 *(.rel.tdata .rel.tdata.* .rel.gnu.linkonce.td.*)
 *(.rel.tbss .rel.tbss.* .rel.gnu.linkonce.tb.*)
 *(.rel.ctors)
 *(.rel.dtors)
 *(.rel.got)
 *(.rel.bss .rel.bss.* .rel.gnu.linkonce.b.*)
 *(.rel.ifunc)

.rel.plt        0x0000000008048094        0x0
 *(.rel.plt)
                [!provide]                        PROVIDE (__rel_iplt_start, .)
 *(.rel.iplt)
                [!provide]                        PROVIDE (__rel_iplt_end, .)

.init
 *(SORT(.init))

.plt
 *(.plt)
 *(.iplt)

.plt.got
 *(.plt.got)

.text           0x00000000c0001500     0x4bea
 *(.text.unlikely .text.*_unlikely .text.unlikely.*)
 *(.text.exit .text.exit.*)
 *(.text.startup .text.startup.*)
 *(.text.hot .text.hot.*)
 *(.text .stub .text.* .gnu.linkonce.t.*)
 .text          0x00000000c0001500      0x321 build/main.o
                0x00000000c0001500                main
                0x00000000c0001591                k_thread_a
                0x00000000c000164d                k_thread_b
                0x00000000c0001709                u_prog_a
                0x00000000c0001795                u_prog_b
 .text          0x00000000c0001821       0x3c build/init.o
                0x00000000c0001821                init_all
 .text          0x00000000c000185d      0x480 build/interrupt.o
                0x00000000c0001bcb                idt_init
                0x00000000c0001c2d                intr_enable
                0x00000000c0001c56                intr_disable
                0x00000000c0001c7f                intr_set_status
                0x00000000c0001c9d                intr_get_status
                0x00000000c0001cc1                register_handler
 .text          0x00000000c0001cdd      0x191 build/timer.o
                0x00000000c0001e0e                timer_init
 *fill*         0x00000000c0001e6e        0x2 
 .text          0x00000000c0001e70      0xe21 build/kernel.o
                0x00000000c0001e70                intr_exit
                0x00000000c0001e7e                syscall_handler
 *fill*         0x00000000c0002c91        0xf 
 .text          0x00000000c0002ca0      0x172 build/print.o
                0x00000000c0002ca0                put_str
                0x00000000c0002cbe                put_char
                0x00000000c0002d8b                put_int
                0x00000000c0002dee                set_cursor
 .text          0x00000000c0002e12       0xa5 build/debug.o
                0x00000000c0002e12                panic_spin
 .text          0x00000000c0002eb7      0x44d build/string.o
                0x00000000c0002eb7                memset
                0x00000000c0002f13                memcpy
                0x00000000c0002f7f                memcmp
                0x00000000c0003010                strcpy
                0x00000000c0003072                strlen
                0x00000000c00030ca                strcmp
                0x00000000c0003158                strchr
                0x00000000c00031bd                strtchr
                0x00000000c0003226                strcat
                0x00000000c000329d                strchrs
 .text          0x00000000c0003304     0x1128 build/memory.o
                0x00000000c0003434                pte_ptr
                0x00000000c0003464                pde_ptr
                0x00000000c0003613                malloc_page
                0x00000000c00036dd                get_kernel_pages
                0x00000000c0003728                get_user_pages
                0x00000000c000377e                get_a_page
                0x00000000c00038f6                addr_v2p
                0x00000000c0003ae4                block_desc_init
                0x00000000c0003b72                mem_init
                0x00000000c0003bda                sys_malloc
                0x00000000c0003f0b                pfree
                0x00000000c000404e                mfree_page
                0x00000000c000422b                sys_free
 .text          0x00000000c000442c      0x289 build/bitmap.o
                0x00000000c000442c                bitmap_init
                0x00000000c0004453                bitmap_scan_test
                0x00000000c0004493                bitmap_scan
                0x00000000c00045f2                bitmap_set
 .text          0x00000000c00046b5      0x5ed build/thread.o
                0x00000000c00046b5                running_thread
                0x00000000c0004719                thread_create
                0x00000000c000478f                init_thread
                0x00000000c0004839                thread_start
                0x00000000c00049b4                schedule
                0x00000000c0004ae7                thread_init
                0x00000000c0004b30                thread_block
                0x00000000c0004b97                thread_unblock
 *fill*         0x00000000c0004ca2        0xe 
 .text          0x00000000c0004cb0       0x15 build/switch.o
                0x00000000c0004cb0                switch_to
 .text          0x00000000c0004cc5      0x1e3 build/list.o
                0x00000000c0004cc5                list_init
                0x00000000c0004cf2                list_insert_before
                0x00000000c0004d33                list_push
                0x00000000c0004d50                list_append
                0x00000000c0004d6d                list_remove
                0x00000000c0004da3                list_pop
                0x00000000c0004dc2                elem_find
                0x00000000c0004dfd                list_traversal
                0x00000000c0004e5a                list_len
                0x00000000c0004e8f                list_empty
 .text          0x00000000c0004ea8      0x347 build/sync.o
                0x00000000c0004ea8                sema_init
                0x00000000c0004ecd                lock_init
                0x00000000c0004efe                sema_down
                0x00000000c0005012                sema_up
                0x00000000c00050c8                lock_acquire
                0x00000000c0005144                lock_release
 .text          0x00000000c00051ef       0x9a build/console.o
                0x00000000c00051ef                console_init
                0x00000000c0005203                console_acquire
                0x00000000c0005217                console_release
                0x00000000c000522b                console_put_str
                0x00000000c0005248                console_put_char
                0x00000000c000526c                console_put_int
 .text          0x00000000c0005289      0x2cc build/keyboard.o
                0x00000000c0005515                keyboard_init
 .text          0x00000000c0005555      0x2ef build/ioqueue.o
                0x00000000c0005555                ioqueue_init
                0x00000000c00055b0                ioq_full
                0x00000000c0005601                ioq_empty
                0x00000000c00056e8                ioq_getchar
                0x00000000c0005795                ioq_putchar
 .text          0x00000000c0005844      0x1af build/tss.o
                0x00000000c0005844                update_tss_esp
                0x00000000c00058c5                tss_init
 .text          0x00000000c00059f3      0x365 build/process.o
                0x00000000c00059f3                start_process
                0x00000000c0005af9                page_dir_activate
                0x00000000c0005b29                process_activate
                0x00000000c0005b7b                create_page_dir
                0x00000000c0005bec                create_user_vaddr_bitmap
                0x00000000c0005c2e                process_execute
 .text          0x00000000c0005d58       0x6f build/syscall.o
                0x00000000c0005d58                getpid
                0x00000000c0005d6d                write
                0x00000000c0005d8c                malloc
                0x00000000c0005dab                free
 .text          0x00000000c0005dc7       0x78 build/syscall_init.o
                0x00000000c0005dc7                sys_getpid
                0x00000000c0005dd9                sys_write
                0x00000000c0005df7                syscall_init
 .text          0x00000000c0005e3f      0x2ab build/stdio.o
                0x00000000c0005ec6                vsprintf
                0x00000000c0006049                sprintf
                0x00000000c0006088                printf
 *(.gnu.warning)

.fini
 *(SORT(.fini))
                [!provide]                        PROVIDE (__etext, .)
                [!provide]                        PROVIDE (_etext, .)
                [!provide]                        PROVIDE (etext, .)

.rodata         0x00000000c00060ec      0xedb
 *(.rodata .rodata.* .gnu.linkonce.r.*)
 .rodata        0x00000000c00060ec       0xd4 build/main.o
 .rodata        0x00000000c00061c0        0xa build/init.o
 *fill*         0x00000000c00061ca        0x2 
 .rodata        0x00000000c00061cc      0x2bd build/interrupt.o
 *fill*         0x00000000c0006489        0x3 
 .rodata        0x00000000c000648c       0x6b build/timer.o
 .rodata        0x00000000c00064f7       0x3d build/debug.o
 .rodata        0x00000000c0006534       0xa2 build/string.o
 *fill*         0x00000000c00065d6        0x2 
 .rodata        0x00000000c00065d8      0x3b0 build/memory.o
 .rodata        0x00000000c0006988       0x68 build/bitmap.o
 .rodata        0x00000000c00069f0      0x2b8 build/thread.o
 .rodata        0x00000000c0006ca8      0x12b build/sync.o
 .rodata        0x00000000c0006dd3       0x35 build/keyboard.o
 .rodata        0x00000000c0006e08       0x9d build/ioqueue.o
 .rodata        0x00000000c0006ea5       0x27 build/tss.o
 .rodata        0x00000000c0006ecc       0xd4 build/process.o
 .rodata        0x00000000c0006fa0       0x27 build/syscall_init.o

.rodata1
 *(.rodata1)

.eh_frame_hdr
 *(.eh_frame_hdr)
 *(.eh_frame_entry .eh_frame_entry.*)

.eh_frame       0x00000000c0006fc8      0xf94
 *(.eh_frame)
 .eh_frame      0x00000000c0006fc8       0xa4 build/main.o
 .eh_frame      0x00000000c000706c       0x20 build/init.o
                                         0x38 (size before relaxing)
 .eh_frame      0x00000000c000708c      0x188 build/interrupt.o
                                        0x1a0 (size before relaxing)
 .eh_frame      0x00000000c0007214       0x8c build/timer.o
                                         0xa4 (size before relaxing)
 .eh_frame      0x00000000c00072a0       0x1c build/debug.o
                                         0x34 (size before relaxing)
 .eh_frame      0x00000000c00072bc      0x140 build/string.o
                                        0x158 (size before relaxing)
 .eh_frame      0x00000000c00073fc      0x2a0 build/memory.o
                                        0x2b8 (size before relaxing)
 .eh_frame      0x00000000c000769c       0x94 build/bitmap.o
                                         0xac (size before relaxing)
 .eh_frame      0x00000000c0007730      0x160 build/thread.o
                                        0x178 (size before relaxing)
 .eh_frame      0x00000000c0007890      0x140 build/list.o
                                        0x158 (size before relaxing)
 .eh_frame      0x00000000c00079d0       0xc8 build/sync.o
                                         0xe0 (size before relaxing)
 .eh_frame      0x00000000c0007a98       0xc0 build/console.o
                                         0xd8 (size before relaxing)
 .eh_frame      0x00000000c0007b58       0x60 build/keyboard.o
                                         0x78 (size before relaxing)
 .eh_frame      0x00000000c0007bb8      0x100 build/ioqueue.o
                                        0x118 (size before relaxing)
 .eh_frame      0x00000000c0007cb8       0x64 build/tss.o
                                         0x7c (size before relaxing)
 .eh_frame      0x00000000c0007d1c       0xc0 build/process.o
                                         0xd8 (size before relaxing)
 .eh_frame      0x00000000c0007ddc       0x8c build/syscall.o
                                         0xa4 (size before relaxing)
 .eh_frame      0x00000000c0007e68       0x60 build/syscall_init.o
                                         0x78 (size before relaxing)
 .eh_frame      0x00000000c0007ec8       0x94 build/stdio.o
                                         0xac (size before relaxing)
 *(.eh_frame.*)

.gcc_except_table
 *(.gcc_except_table .gcc_except_table.*)

.gnu_extab
 *(.gnu_extab*)

.exception_ranges
 *(.exception_ranges .exception_ranges*)
                0x00000000c0009000                . = DATA_SEGMENT_ALIGN (0x1000, 0x1000)

.eh_frame
 *(.eh_frame)
 *(.eh_frame.*)

.gnu_extab
 *(.gnu_extab)

.gcc_except_table
 *(.gcc_except_table .gcc_except_table.*)

.exception_ranges
 *(.exception_ranges .exception_ranges*)

.tdata
 *(.tdata .tdata.* .gnu.linkonce.td.*)

.tbss
 *(.tbss .tbss.* .gnu.linkonce.tb.*)
 *(.tcommon)

.preinit_array  0x00000000c0009000        0x0
                [!provide]                        PROVIDE (__preinit_array_start, .)
 *(.preinit_array)
                [!provide]                        PROVIDE (__preinit_array_end, .)

.init_array     0x00000000c0009000        0x0
                [!provide]                        PROVIDE (__init_array_start, .)
 *(SORT(.init_array.*) SORT(.ctors.*))
 *(.init_array EXCLUDE_FILE(*crtend?.o *crtend.o *crtbegin?.o *crtbegin.o) .ctors)
                [!provide]                        PROVIDE (__init_array_end, .)

.fini_array     0x00000000c0009000        0x0
                [!provide]                        PROVIDE (__fini_array_start, .)
 *(SORT(.fini_array.*) SORT(.dtors.*))
 *(.fini_array EXCLUDE_FILE(*crtend?.o *crtend.o *crtbegin?.o *crtbegin.o) .dtors)
                [!provide]                        PROVIDE (__fini_array_end, .)

.ctors
 *crtbegin.o(.ctors)
 *crtbegin?.o(.ctors)
 *(EXCLUDE_FILE(*crtend?.o *crtend.o) .ctors)
 *(SORT(.ctors.*))
 *(.ctors)

.dtors
 *crtbegin.o(.dtors)
 *crtbegin?.o(.dtors)
 *(EXCLUDE_FILE(*crtend?.o *crtend.o) .dtors)
 *(SORT(.dtors.*))
 *(.dtors)

.jcr
 *(.jcr)

.data.rel.ro
 *(.data.rel.ro.local* .gnu.linkonce.d.rel.ro.local.*)
 *(.data.rel.ro .data.rel.ro.* .gnu.linkonce.d.rel.ro.*)

.dynamic
 *(.dynamic)

.got
 *(.got)
 *(.igot)
                0x00000000c0009000                . = DATA_SEGMENT_RELRO_END (., (SIZEOF (.got.plt) >= 0xc)?0xc:0x0)

.got.plt        0x00000000c0009000        0x0
 *(.got.plt)
 *(.igot.plt)

.data           0x00000000c0009000      0x296
 *(.data .data.* .gnu.linkonce.d.*)
 .data          0x00000000c0009000        0x0 build/main.o
 .data          0x00000000c0009000        0x0 build/init.o
 .data          0x00000000c0009000        0x0 build/interrupt.o
 .data          0x00000000c0009000        0x0 build/timer.o
 .data          0x00000000c0009000      0x200 build/kernel.o
                0x00000000c0009000                intr_entry_table
 .data          0x00000000c0009200        0x8 build/print.o
 .data          0x00000000c0009208        0x0 build/debug.o
 .data          0x00000000c0009208        0x0 build/string.o
 .data          0x00000000c0009208        0x0 build/memory.o
 .data          0x00000000c0009208        0x0 build/bitmap.o
 .data          0x00000000c0009208        0x0 build/thread.o
 .data          0x00000000c0009208        0x0 build/list.o
 .data          0x00000000c0009208        0x0 build/sync.o
 .data          0x00000000c0009208        0x0 build/console.o
 *fill*         0x00000000c0009208       0x18 
 .data          0x00000000c0009220       0x76 build/keyboard.o
 .data          0x00000000c0009296        0x0 build/ioqueue.o
 .data          0x00000000c0009296        0x0 build/tss.o
 .data          0x00000000c0009296        0x0 build/process.o
 .data          0x00000000c0009296        0x0 build/syscall.o
 .data          0x00000000c0009296        0x0 build/syscall_init.o
 .data          0x00000000c0009296        0x0 build/stdio.o

.data1
 *(.data1)
                0x00000000c0009296                _edata = .
                [!provide]                        PROVIDE (edata, .)
                0x00000000c0009296                . = .
                0x00000000c0009296                __bss_start = .

.bss            0x00000000c00092a0      0xba0
 *(.dynbss)
 *(.bss .bss.* .gnu.linkonce.b.*)
 .bss           0x00000000c00092a0        0x8 build/main.o
                0x00000000c00092a0                prog_a_pid
                0x00000000c00092a4                prog_b_pid
 .bss           0x00000000c00092a8        0x0 build/init.o
 *fill*         0x00000000c00092a8       0x18 
 .bss           0x00000000c00092c0      0x408 build/interrupt.o
 .bss           0x00000000c00096c8        0x0 build/timer.o
 .bss           0x00000000c00096c8        0x0 build/debug.o
 .bss           0x00000000c00096c8        0x0 build/string.o
 .bss           0x00000000c00096c8        0x0 build/memory.o
 .bss           0x00000000c00096c8        0x0 build/bitmap.o
 .bss           0x00000000c00096c8        0x6 build/thread.o
 .bss           0x00000000c00096ce        0x0 build/list.o
 .bss           0x00000000c00096ce        0x0 build/sync.o
 *fill*         0x00000000c00096ce        0x2 
 .bss           0x00000000c00096d0       0x1c build/console.o
 .bss           0x00000000c00096ec       0x14 build/keyboard.o
 .bss           0x00000000c0009700        0x0 build/ioqueue.o
 .bss           0x00000000c0009700       0x6c build/tss.o
 .bss           0x00000000c000976c        0x0 build/process.o
 .bss           0x00000000c000976c        0x0 build/syscall.o
 .bss           0x00000000c000976c        0x0 build/syscall_init.o
 .bss           0x00000000c000976c        0x0 build/stdio.o
 *(COMMON)
 COMMON         0x00000000c000976c       0x24 build/main.o
                0x00000000c000976c                thread_ready_list
                0x00000000c000977c                thread_all_list
                0x00000000c000978c                main_thread
 *fill*         0x00000000c0009790       0x10 
 COMMON         0x00000000c00097a0      0x424 build/interrupt.o
                0x00000000c00097a0                intr_name
                0x00000000c00099c0                idt_table
 COMMON         0x00000000c0009bc4        0x4 build/timer.o
                0x00000000c0009bc4                ticks
 *fill*         0x00000000c0009bc8       0x18 
 COMMON         0x00000000c0009be0      0x12c build/memory.o
                0x00000000c0009be0                user_pool
                0x00000000c0009c20                k_block_descs
                0x00000000c0009cc8                kernel_vaddr
                0x00000000c0009ce0                kernel_pool
 COMMON         0x00000000c0009d0c       0x1c build/thread.o
                0x00000000c0009d0c                pid_lock
 *fill*         0x00000000c0009d28       0x18 
 COMMON         0x00000000c0009d40       0x6c build/keyboard.o
                0x00000000c0009d40                kbd_buf
 *fill*         0x00000000c0009dac       0x14 
 COMMON         0x00000000c0009dc0       0x80 build/syscall_init.o
                0x00000000c0009dc0                syscall_table
                0x00000000c0009e40                . = ALIGN ((. != 0x0)?0x4:0x1)
                0x00000000c0009e40                . = ALIGN (0x4)
                0x00000000c0009e40                . = SEGMENT_START ("ldata-segment", .)
                0x00000000c0009e40                . = ALIGN (0x4)
                0x00000000c0009e40                _end = .
                [!provide]                        PROVIDE (end, .)
                0x00000000c0009e40                . = DATA_SEGMENT_END (.)

.stab
 *(.stab)

.stabstr
 *(.stabstr)

.stab.excl
 *(.stab.excl)

.stab.exclstr
 *(.stab.exclstr)

.stab.index
 *(.stab.index)

.stab.indexstr
 *(.stab.indexstr)

.comment        0x0000000000000000       0x2d
 *(.comment)
 .comment       0x0000000000000000       0x2d build/main.o
                                         0x2e (size before relaxing)
 .comment       0x000000000000002d       0x2e build/init.o
 .comment       0x000000000000002d       0x2e build/interrupt.o
 .comment       0x000000000000002d       0x2e build/timer.o
 .comment       0x000000000000002d       0x2e build/debug.o
 .comment       0x000000000000002d       0x2e build/string.o
 .comment       0x000000000000002d       0x2e build/memory.o
 .comment       0x000000000000002d       0x2e build/bitmap.o
 .comment       0x000000000000002d       0x2e build/thread.o
 .comment       0x000000000000002d       0x2e build/list.o
 .comment       0x000000000000002d       0x2e build/sync.o
 .comment       0x000000000000002d       0x2e build/console.o
 .comment       0x000000000000002d       0x2e build/keyboard.o
 .comment       0x000000000000002d       0x2e build/ioqueue.o
 .comment       0x000000000000002d       0x2e build/tss.o
 .comment       0x000000000000002d       0x2e build/process.o
 .comment       0x000000000000002d       0x2e build/syscall.o
 .comment       0x000000000000002d       0x2e build/syscall_init.o
 .comment       0x000000000000002d       0x2e build/stdio.o

.debug
 *(.debug)

.line
 *(.line)

.debug_srcinfo
 *(.debug_srcinfo)

.debug_sfnames
 *(.debug_sfnames)

.debug_aranges
 *(.debug_aranges)

.debug_pubnames
 *(.debug_pubnames)

.debug_info
 *(.debug_info .gnu.linkonce.wi.*)

.debug_abbrev
 *(.debug_abbrev)

.debug_line
 *(.debug_line .debug_line.* .debug_line_end)

.debug_frame
 *(.debug_frame)

.debug_str
 *(.debug_str)

.debug_loc
 *(.debug_loc)

.debug_macinfo
 *(.debug_macinfo)

.debug_weaknames
 *(.debug_weaknames)

.debug_funcnames
 *(.debug_funcnames)

.debug_typenames
 *(.debug_typenames)

.debug_varnames
 *(.debug_varnames)

.debug_pubtypes
 *(.debug_pubtypes)

.debug_ranges
 *(.debug_ranges)

.debug_macro
 *(.debug_macro)

.gnu.attributes
 *(.gnu.attributes)

/DISCARD/
 *(.note.GNU-stack)
 *(.gnu_debuglink)
 *(.gnu.lto_*)
OUTPUT(build/kernel.bin elf32-i386)
